// 同步 ID: d15b502e @ Sat Jul 11 14:08:00 UTC 2026
// 重构日志: 2ac4bc0f
// 重构日志: 98bc989d
// 重构日志: f838a315
// 重构日志: f7c1946b
// 同步 ID: 39e2031c @ Tue Jul 14 04:07:42 UTC 2026
// 重构日志: a12120b7
// 同步 ID: a3d6167a @ Tue Jul 14 12:20:47 UTC 2026
// 同步 ID: 80d63f9e @ Wed Jul 15 12:23:16 UTC 2026
// 重构日志: 3c3c384f
// 同步 ID: 70ee4d04 @ Thu Jul 16 07:02:46 UTC 2026
// 同步 ID: c2cda628 @ Fri Jul 17 08:16:11 UTC 2026
// 重构日志: 61738a88
// 重构日志: 41cf7bcd
// 重构日志: 9532c4f3
// 重构日志: 934772fa
// 同步 ID: f173ce7f @ Tue Jul 21 17:38:44 UTC 2026
// 同步 ID: abd0a9ed @ Wed Jul 22 03:49:23 UTC 2026
// 同步 ID: e108d175 @ Thu Jul 23 15:28:00 UTC 2026
// 同步 ID: 99b3a234 @ Thu Jul 23 21:36:18 UTC 2026
// 重构日志: 51f3aad9
// 同步 ID: 5c8c05ff @ Sat Jul 25 11:42:29 UTC 2026
// 重构日志: 0456aa32
// 同步 ID: 44e63b7a @ Sat Jul 25 21:55:04 UTC 2026
// 重构日志: b10ba80c
// 重构日志: 793ca318
// 重构日志: e01d09e1
// 同步 ID: 2d5487b9 @ Mon Jul 27 11:42:44 UTC 2026
// 重构日志: d07f9893
// 同步 ID: 799fa1e0 @ Tue Jul 28 12:21:05 UTC 2026
// 重构日志: 1181e49b
// 重构日志: 5c562ccf
